// Jest Snapshot v1, https://goo.gl/fbAQLP

exports[`<Posts /> should match snapshot 1`] = `
<div
  class="posts"
  data-testid="posts-test-id"
>
  <div
    class="post"
    data-testid="post-card-test-id"
  >
    <img
      alt="mock-title-1"
      src="img/mock-img-1.png"
    />
    <div
      class="post-content"
      id="1"
    >
      <h2>
        mock-title-1
      </h2>
      <p>
        mock-body-1
      </p>
    </div>
  </div>
  <div
    class="post"
    data-testid="post-card-test-id"
  >
    <img
      alt="mock-title-2"
      src="img/mock-img-2.png"
    />
    <div
      class="post-content"
      id="2"
    >
      <h2>
        mock-title-2
      </h2>
      <p>
        mock-body-2
      </p>
    </div>
  </div>
  <div
    class="post"
    data-testid="post-card-test-id"
  >
    <img
      alt="mock-title-3"
      src="img/mock-img-3.png"
    />
    <div
      class="post-content"
      id="3"
    >
      <h2>
        mock-title-3
      </h2>
      <p>
        mock-body-3
      </p>
    </div>
  </div>
</div>
`;
